---
source: tests/cli.rs
expression: stdout
input_file: sample_files/added_line_1.txt
---
[1m[93msample_files/added_line_2.txt[39m[0m[2m --- Text[0m
[2m1 [0m   potato
[2m2 [0m   tomato
   [92;1m3 [0m[92;1mlegato[0m
