---
source: tests/cli.rs
expression: stdout
input_file: sample_files/jsx_1.jsx
---
[1m[93msample_files/jsx_2.jsx[39m[0m[2m --- JavaScript JSX[0m
[2m1 [0m   [1mReactDOM[0m.render(
[91;1m2 [0m     <h1>[91mHello, world![0m</h1[1m>[0m,
[2m3 [0m     document.getElementById([95m"root"[0m));
[2m4 [0m   
[2m5 [0m   [1mvar[0m x [1m=[0m (
[91;1m6 [0m     [91;1m<[0m[91mdiv[0m[91;1m>[0m
[2m7 [0m         <p>
[2m8 [0m             foo
[2m9 [0m         </p[1m>[0m
[91;1m10 [0m     [91m</[0m[91mdiv[0m[91;1m>[0m);
   [92;1m2 [0m  <h1 [92mclassName[0m[92;1m=[0m[92m"title"[0m>
   [2m3 [0m      [92;1m<[0m[92mspan[0m[92;1m>[0m[92mHello[0m[92m</[0m[92mspan[0m[92;1m>[0m[92m, world![0m
   [92;1m4 [0m  </h1[1m>[0m,
   [2m5 [0m  document.getElementById([95m"root"[0m)
   [2m6 [0m);
   [2m7 [0m
   [2m8 [0m[1mvar[0m x [1m=[0m (
   [2m9 [0m  <p>
   [2m10 [0m      foo
   [92;1m11 [0m  </p[1m>[0m);
