---
source: tests/cli.rs
expression: stdout
input_file: sample_files/elm_1.elm
---
[1m[93msample_files/elm_2.elm[39m[0m[2m --- Elm[0m
[91;1m1 [0m   [1mmodule[0m Main [1mexposing[0m (blue, [91mgreen[0m[91m,[0m list, x, y[91m,[0m [91mz[0m)
[91;1m4 [0m   [91;3m{[0m[91;3m-[0m[91;3m [0m[91;1;3;4mbar[0m
[91;1m5 [0m   [91;3m [0m[91;3m-[0m[91;3m}[0m
[91;1m13 [0m       [91malways[0m "blue"
[91;1m16 [0m   green [1m:[0m [91ma[0m [91;1m->[0m String
[91;1m18 [0m       [91malways[0m "blue"
[91;1m21 [0m   [91my[0m [1m:[0m Int
[91;1m30 [0m       (*) 2 [91m4[0m
[91;1m33 [0m   [91mz[0m [91;1m:[0m [91mString[0m
[91;1m34 [0m   [91mz[0m [91;1m=[0m
[91;1m35 [0m       [91m"abc"[0m
[91;1m39 [0m   fn [91m_[0m n strings [1m=[0m
[91;1m40 [0m       [91;1mlet[0m
[91;1m41 [0m           [91mfoo[0m [91;1m:[0m [91mList[0m [91mString[0m [91;1m->[0m [91mString[0m
[91;1m42 [0m           [91mfoo[0m [91;1m=[0m
[91;1m44 [0m       [91;1min[0m
[91;1m45 [0m       [91mfoo[0m strings
   [92;1m1 [0m[1mmodule[0m Main [1mexposing[0m
   [92;1m9 [0m[92;3m{[0m[92;3m-[0m[92;3m [0m[92;1;3;4mfoo[0m
   [92;1m10 [0m[92;3m [0m[92;3m-[0m[92;3m}[0m
   [92;1m16 [0m    [92m,[0m [92m4[0m
   [92;1m22 [0m    [92;1m\[0m[92m_[0m [92;1m->[0m "blue"
   [92;1m25 [0mgreen [1m:[0m String
   [92;1m27 [0m    [92m"yellow"[0m [92m++[0m "blue"
   [92;1m30 [0m[92mx[0m [1m:[0m Int
   [92;1m32 [0m    (*) 2 [92m<|[0m 4
   [92;1m37 [0m    [92m4[0m [92m|>[0m (*) 2
   [92;1m44 [0m    [92;1m->[0m [92;1m([0m[92;1m)[0m
   [92;1m46 [0mfn [92;1m([0m[92;1m)[0m n strings [92;1m([0m[92;1m)[0m [1m=[0m
   [92;1m47 [0m    String.join (String.fromInt n) strings
