---
source: tests/cli.rs
expression: stdout
input_file: sample_files/java_1.java
---
[1m[93msample_files/java_2.java[39m[0m[2m --- Java[0m
[2m1 [0m   [1mclass[0m [1mFoo[0m {
[91;1m2 [0m     [91;3m/[0m[91;3m*[0m[91;3m*[0m
[91;1m3 [0m   [91;3m [0m[91;3m [0m[91;3m [0m[91;3m*[0m[91;3m [0m[91;3mHello[0m[91;3m [0m[91;3mworld[0m[91;3m.[0m
[91;1m4 [0m   [91;3m [0m[91;3m [0m[91;3m [0m[91;3m*[0m
[91;1m5 [0m   [91;3m [0m[91;3m [0m[91;3m [0m[91;3m*[0m[91;3m [0m[91;3m<[0m[91;3mp[0m[91;3m>[0m[91;3mMore[0m[91;3m [0m[91;3mstuff[0m[91;3m [0m[91;3mhere[0m[91;3m.[0m[91;3m<[0m[91;3m/[0m[91;3mp[0m[91;3m>[0m
[91;1m6 [0m   [91;3m [0m[91;3m [0m[91;3m [0m[91;3m*[0m
[91;1m7 [0m   [91;3m [0m[91;3m [0m[91;3m [0m[91;3m*[0m[91;3m [0m[91;3m@[0m[91;3mparam[0m[91;3m [0m[91;3mstuff[0m[91;3m [0m[91;3m{[0m[91;3m@[0m[91;3mcode[0m[91;3m [0m[91;3mString[0m[91;3m}[0m[91;3m [0m[91;3mfoo[0m[91;3m [0m[91;3mbar[0m
[91;1m8 [0m   [91;3m [0m[91;3m [0m[91;3m [0m[91;3m*[0m[91;3m [0m[91;3m@[0m[91;3mreturns[0m[91;3m [0m[91;3m{[0m[91;3m@[0m[91;3mcode[0m[91;3m [0m[91;1;3;4mOther[0m[91;3m}[0m
[91;1m9 [0m   [91;3m [0m[91;3m [0m[91;3m [0m[91;3m*[0m[91;3m/[0m
[91;1m10 [0m     [91;1mpublic[0m [1mstatic[0m [91;1mOther[0m blah() {
   [92;1m2 [0m  [92;3m/[0m[92;3m*[0m[92;3m*[0m
   [92;1m3 [0m[92;3m [0m[92;3m [0m[92;3m [0m[92;3m*[0m[92;3m [0m[92;3mHello[0m[92;3m [0m[92;3mworld[0m[92;3m.[0m
   [92;1m4 [0m[92;3m [0m[92;3m [0m[92;3m [0m[92;3m*[0m
   [92;1m5 [0m[92;3m [0m[92;3m [0m[92;3m [0m[92;3m*[0m[92;3m [0m[92;3m<[0m[92;3mp[0m[92;3m>[0m[92;3mMore[0m[92;3m [0m[92;3mstuff[0m[92;3m [0m[92;3mhere[0m[92;3m.[0m[92;3m<[0m[92;3m/[0m[92;3mp[0m[92;3m>[0m
   [92;1m6 [0m[92;3m [0m[92;3m [0m[92;3m [0m[92;3m*[0m
   [92;1m7 [0m[92;3m [0m[92;3m [0m[92;3m [0m[92;3m*[0m[92;3m [0m[92;3m@[0m[92;3mparam[0m[92;3m [0m[92;3mstuff[0m[92;3m [0m[92;3m{[0m[92;3m@[0m[92;3mcode[0m[92;3m [0m[92;3mString[0m[92;3m}[0m[92;3m [0m[92;3mfoo[0m[92;3m [0m[92;3mbar[0m
   [92;1m8 [0m[92;3m [0m[92;3m [0m[92;3m [0m[92;3m*[0m[92;3m [0m[92;3m@[0m[92;3mreturns[0m[92;3m [0m[92;3m{[0m[92;3m@[0m[92;3mcode[0m[92;3m [0m[92;1;3;4mint[0m[92;3m}[0m
   [92;1m9 [0m[92;3m [0m[92;3m [0m[92;3m [0m[92;3m*[0m[92;3m/[0m
   [92;1m10 [0m  [92;1mprotected[0m [1mstatic[0m [92;1mint[0m blah() {
   [2m11 [0m    [1mthrow[0m [1mnew[0m [1mException[0m([95m"before"[0m);
   [2m12 [0m  }
   [2m13 [0m}
