---
source: tests/cli.rs
expression: stdout
input_file: sample_files/comments_1.rs
---
[1m[93msample_files/comments_2.rs[39m[0m[2m --- Rust[0m
[2m1 [0m   [94;3m// Unchanged comment.[0m
[2m2 [0m   f1();
[2m3 [0m   
[91;1m4 [0m   [91;3m/[0m[91;3m/[0m[91;3m [0m[91;3mChanging[0m[91;3m [0m[91;3ma[0m[91;3m [0m[91;3msingle[0m[91;3m [0m[91;3mword[0m[91;3m.[0m
[2m5 [0m   f2();
[2m6 [0m   
[91;1m7 [0m   [91;3m/[0m[91;3m/[0m[91;3m [0m[91;3mA[0m[91;3m [0m[91;1;3;4mcompletely[0m[91;3m [0m[91;1;3;4mdifferent[0m[91;3m [0m[91;1;3;4msentence[0m[91;3m.[0m
[2m8 [0m   f3();
[2m9 [0m   
[91;1m10 [0m   [91;1mif[0m [91mtrue[0m [91;1m{[0m
[2m11 [0m       [94;3m/* A multiline comment[0m
[2m12 [0m   [94;3m     * whose indentation changes.[0m
[2m13 [0m   [94;3m     */[0m
[91;1m14 [0m   [91;1m}[0m
[2m15 [0m   
[91;1m16 [0m   [91;3m/[0m[91;3m/[0m[91;3m [0m[91;3mAn[0m[91;3m [0m[91;3mexample[0m[91;3m [0m[91;3menvironment[0m[91;3m [0m[91;3mvariable[0m[91;3m:[0m[91;3m [0m[91;3mFOO[0m[91;3m=[0m[91;3m"[0m[91;1;3;4ma[0m[91;3m-[0m[91;1;3;4mb[0m[91;3m"[0m
[2m17 [0m   
[91;1m18 [0m   [91;3m/[0m[91;3m/[0m[91;3m [0m[91;3mA[0m[91;3m [0m[91;3msingle[0m[91;3m [0m[91;3mline[0m[91;3m [0m[91;3mcomment[0m[91;3m.[0m
[2m19 [0m   
[91;1m20 [0m   [91;3m/[0m[91;3m*[0m[91;3m*[0m[91;3m [0m[91;3mA[0m[91;3m [0m[91;3mdoc[0m[91;3m [0m[91;3mcomment[0m[91;3m.[0m
[91;1m21 [0m   [91;3m [0m[91;3m*[0m
[91;1m22 [0m   [91;3m [0m[91;3m*[0m[91;3m [0m[91;3mThis[0m[91;3m [0m[91;3mline[0m[91;3m [0m[91;1;3;4mwill[0m[91;3m [0m[91;1;3;4mchange[0m[91;3m.[0m
[91;1m23 [0m   [91;3m [0m[91;3m*[0m[91;3m/[0m
   [92;1m4 [0m[92;3m/[0m[92;3m/[0m[92;3m [0m[92;3mChanging[0m[92;3m [0m[92;3ma[0m[92;3m [0m[92;3msingle[0m[92;3m [0m[92;3mword[0m [92;1;3;4mhere[0m[92;3m.[0m
   [2m5 [0mf2();
   [2m6 [0m
   [92;1m7 [0m[92;3m/[0m[92;3m/[0m[92;3m [0m[92;3mA[0m[92;3m [0m[92;1;3;4msingle[0m[92;3m [0m[92;1;3;4mcomment[0m[92;3m [0m[92;1;3;4mabout[0m [92;1;3;4msomething[0m[92;3m.[0m
   [2m8 [0mf3();
   [2m9 [0m
   [2m10 [0m[94;3m/* A multiline comment[0m
   [2m11 [0m[94;3m * whose indentation changes.[0m
   [2m12 [0m[94;3m */[0m
   [2m13 [0m
   [92;1m14 [0m[92;3m/[0m[92;3m/[0m[92;3m [0m[92;3mAn[0m[92;3m [0m[92;3mexample[0m[92;3m [0m[92;3menvironment[0m[92;3m [0m[92;3mvariable[0m[92;3m:[0m[92;3m [0m[92;3mFOO[0m[92;3m=[0m[92;3m"[0m[92;1;3;4mx[0m[92;3m-[0m[92;1;3;4my[0m[92;3m"[0m
   [2m15 [0m
   [92;1m16 [0m[92;3m/[0m[92;3m/[0m[92;3m [0m[92;3mA[0m[92;3m [0m[92;3msingle[0m[92;3m [0m[92;3mline[0m[92;3m [0m[92;3mcomment[0m[92;3m.[0m [92;1;3;4mIt[0m [92;1;3;4mhas[0m [92;1;3;4mbecome[0m
   [2m17 [0m[92;3m// a big block comment. Lorem ipsum dolor sit amet,[0m
   [2m18 [0m[92;3m// consectetur adipiscing elit[0m
   [2m19 [0m
   [92;1m20 [0m[92;3m/[0m[92;3m*[0m[92;3m*[0m[92;3m [0m[92;3mA[0m[92;3m [0m[92;3mdoc[0m[92;3m [0m[92;3mcomment[0m[92;3m.[0m
   [92;1m21 [0m[92;3m [0m[92;3m*[0m
   [92;1m22 [0m[92;3m [0m[92;3m*[0m[92;3m [0m[92;3mThis[0m[92;3m [0m[92;3mline[0m[92;3m [0m[92;1;3;4mhas[0m[92;3m [0m[92;1;3;4mchanged[0m[92;3m.[0m
   [92;1m23 [0m[92;3m [0m[92;3m*[0m[92;3m/[0m
