---
source: tests/cli.rs
expression: stdout
input_file: sample_files/haskell_1.hs
---
[1m[93msample_files/haskell_2.hs[39m[0m[2m --- Haskell[0m
[91;1m2 [0m   foo x [1m=[0m x [1m+[0m 1
[2m3 [0m   
[2m4 [0m   bar _ [1m=[0m [95m'c'[0m
[2m5 [0m   
[91;1m6 [0m   [91;3m-[0m[91;3m-[0m[91;3m [0m[91;3m|[0m[91;3m [0m[91;1;3;4mHello[0m[91;3m [0m[91;3mworld[0m
   [92;1m1 [0m[92;1mimport[0m [92;1mSystem.Process[0m
   [2m2 [0m
   [92;1m3 [0mfoo x [92my[0m [1m=[0m x [1m+[0m 1 [92;1m+[0m [92mW.peek[0m [92my[0m
   [2m4 [0m
   [2m5 [0mbar _ [1m=[0m [95m'c'[0m
   [2m6 [0m
   [92;1m7 [0m[92;3m-[0m[92;3m-[0m[92;3m [0m[92;3m|[0m[92;3m [0m[92;1;3;4mGoodbye[0m[92;3m [0m[92;3mworld[0m
   [2m8 [0misOne 1 [1m=[0m [1mTrue[0m
   [2m9 [0misOne _ [1m=[0m [1mFalse[0m
