---
source: tests/cli.rs
expression: stdout
input_file: sample_files/nix_1.nix
---
[1m[93msample_files/nix_2.nix[39m[0m[2m --- Nix[0m
[2m1 [0m   { lib, fetchFromGitHub, rustPlatform, tree-sitter }:
[2m2 [0m   
[2m3 [0m   rustPlatform.buildRustPackage [1mrec[0m {
[2m4 [0m     pname = [95m"difftastic"[0m;
[91;1m5 [0m     version = [91m"[0m[91m0[0m[91m.[0m[91;1;4m12[0m[91m.[0m[91m0[0m[91m"[0m;
[91;1m11 [0m       sha256 = [91m"sha256-A6Z3g6fbYBynyN4OhRrZNO0ZghvT3XnIahdUQ8SE8tU="[0m;
[91;1m14 [0m     cargoSha256 = [91m"sha256-6/JwrPymtpj/CXqx3Pe43v+MJTNONArU2WEo/zgJhT4="[0m;
[91;1m16 [0m     [91mpostPatch[0m [91m=[0m [91m''[0m
[91;1m17 [0m   [91m    pushd vendor[0m
[91;1m18 [0m   [91m    for grammar in */; do[0m
[91;1m19 [0m   [91m      if [ -d "${tree-sitter.grammars}/$grammar" ]; then[0m
[91;1m20 [0m   [91m        rm -r "$grammar"[0m
[91;1m21 [0m   [91m        ln -s "${tree-sitter.grammars}/$grammar"[0m
[91;1m22 [0m   [91m      fi[0m
[91;1m23 [0m   [91m    done[0m
[91;1m24 [0m   [91m    popd[0m
[91;1m25 [0m   [91m  ''[0m[91m;[0m
   [92;1m5 [0m  version = [92m"[0m[92m0[0m[92m.[0m[92;1;4m24[0m[92m.[0m[92m0[0m[92m"[0m;
   [92;1m11 [0m    sha256 = [92m"sha256-Yp0WwzGo8nuRZuiHdUPxPM1SYBeeVA3SMDfHnQmqUqY="[0m;
   [92;1m14 [0m  cargoSha256 = [92m"sha256-m80PT2UQYhA5KEh7ax/fhh6vuse0DXhbFsh2x4pwkWY="[0m;
   [2m16 [0m  meta = [1mwith[0m lib; {
   [2m17 [0m    description = [95m"A syntax-aware diff"[0m;
   [2m18 [0m    homepage = [95m"https://github.com/Wilfred/difftastic"[0m;
