---
source: tests/cli.rs
expression: stdout
input_file: sample_files/simple_1.scss
---
[1m[93msample_files/simple_2.scss[39m[0m[2m --- 1/2 --- SCSS[0m
[91;1m1 [0m   @mixin buttons($basicBorder:1px, $gradient1:[91m#fff[0m, $gradient2:[95m#d8dee7[0m){
[91;1m3 [0m       border:$basicBorder [91msolid[0m [95m#acbed3[0m;
[91;1m7 [0m       font-size:[91m12px[0m;
   [92;1m1 [0m@mixin buttons($basicBorder:1px, $gradient1:[92m#333[0m, $gradient2:[95m#d8dee7[0m){
   [92;1m3 [0m    border:$basicBorder [92mdotted[0m [95m#acbed3[0m;
   [92;1m7 [0m    font-size:[92m1rem[0m;
   [2m8 [0m    color:[95m#3b557d[0m;
   [2m9 [0m    [94;3m//brings in Compass' border-radius mixin: http://compass-style.org/reference/compass/css3/border_radius/[0m
   [2m10 [0m    @include border-radius($border-radius, $border-radius);
   [2m11 [0m    cursor:pointer;

[1msample_files/simple_2.scss[0m[2m --- 2/2 --- SCSS[0m
[2m12 [0m       
[2m13 [0m       [94;3m//& attribute adds [0m
[2m14 [0m       
[2m15 [0m       [1m&[0m.primary {
[91;1m16 [0m         border:2px [91msolid[0m [95m#3b557d[0m; 
[91;1m22 [0m         opacity: [91m.8[0m;
   [92;1m16 [0m      border:2px [92mdotted[0m [95m#3b557d[0m; 
   [92;1m22 [0m      opacity: [92m.6[0m;
   [2m23 [0m    }
   [2m24 [0m    [1m&[0m:hover {
   [2m25 [0m      @include background-image(linear-gradient($gradient2, $gradient1));
   [2m26 [0m    }
