---
source: tests/cli.rs
expression: stdout
input_file: sample_files/align_footer_1.txt
---
[1m[93msample_files/align_footer_2.txt[39m[0m[2m --- Text[0m
[2m1 [0m   before
[91;1m2 [0m   [91m [0m[91;1mfoo[0m[91;1m [0m[91mx[0m
[91;1m3 [0m   [91;1my[0m
   [92;1m2 [0m[92m [0m[92mx[0m
   [2m3 [0mafter
