---
source: tests/cli.rs
expression: stdout
input_file: sample_files/lua_1.lua
---
[1m[93msample_files/lua_2.lua[39m[0m[2m --- Lua[0m
[91;1m1 [0m   [1mfunction[0m test()
[91;1m2 [0m     print([95m"testing"[0m)
[91;1m6 [0m   [1mif[0m test() [1m==[0m 20 [1mthen[0m
[91;1m7 [0m     print([91m"30"[0m)
[91;1m10 [0m   [1mlocal[0m list [1m=[0m { [95m"A"[0m, [95m"B"[0m, [95m"D"[0m }
[91;1m11 [0m   [1mlocal[0m table [1m=[0m { a [1m=[0m [95m"A"[0m, b [1m=[0m [95m"B"[0m, d [1m=[0m [95m"D"[0m }
   [92;1m1 [0m[1mfunction[0m test([92mname[0m)
   [92;1m2 [0m  print([95m"testing"[0m[92;1m..[0m[92mname[0m)
   [92;1m6 [0m[1mif[0m test([92m"myname"[0m) [1m==[0m 20 [1mthen[0m
   [92;1m7 [0m  print([92m"20"[0m)
   [92;1m10 [0m[1mlocal[0m list [1m=[0m { [95m"A"[0m, [95m"B"[0m, [92m"C"[0m[92m,[0m [95m"D"[0m }
   [92;1m11 [0m[1mlocal[0m table [1m=[0m { a [1m=[0m [95m"A"[0m, b [1m=[0m [95m"B"[0m, [92mc[0m [92;1m=[0m [92m"C"[0m[92m,[0m d [1m=[0m [95m"D"[0m }
   [2m13 [0m[1mfor[0m k, v [1min[0m pairs(table) [1mdo[0m
   [2m14 [0m  print([95m"k: "[0m[1m..[0mk[1m..[0m[95m" v: "[0m[1m..[0mv)
   [2m15 [0m[1mend[0m
